// Bun Snapshot v1, https://bun.sh/docs/test/snapshots

exports[`getAxisTCodeFrom should handle empty actions 1`] = `
{
  "00 △ ▲ - _": "50",
  "01 △ _ ▲ _": "50",
  "02 △ _ - ▲": "50",
  "03 - X - _": "-",
  "04 - △ ▲ _": "-",
  "05 - △ - ▲": "-",
  "06 - ▲ △ _": "-",
  "07 - _ X _": "-",
  "08 - _ △ ▲": "-",
  "09 - ▲ - △": "-",
  "10 - _ ▲ △": "-",
  "11 - _ - X": "-",
}
`;

exports[`getAxisTCodeFrom should handle single action 1`] = `
{
  "00 △ ▲ - 0 - _": "0",
  "01 △ _ ▲ 0 - _": "0",
  "02 △ _ - ▲ - _": "0",
  "03 △ _ - 0 ▲ _": "0",
  "04 △ _ - 0 - ▲": "0",
  "05 - X - 0 - _": "-",
  "06 - △ ▲ 0 - _": "-",
  "07 - △ - ▲ - _": "0",
  "08 - △ - 0 ▲ _": "0",
  "09 - △ - 0 - ▲": "0",
  "10 - ▲ △ 0 - _": "-",
  "11 - _ X 0 - _": "-",
  "12 - _ △ ▲ - _": "0",
  "13 - _ △ 0 ▲ _": "0",
  "14 - _ △ 0 - ▲": "0",
  "15 - ▲ - △ - _": "-",
  "16 - _ ▲ △ - _": "-",
  "17 - _ - X - _": "-",
  "18 - _ - △ ▲ _": "-",
  "19 - _ - △ - ▲": "-",
  "20 - ▲ - 0 △ _": "-",
  "21 - _ ▲ 0 △ _": "-",
  "22 - _ - ▲ △ _": "-",
  "23 - _ - 0 X _": "-",
  "24 - _ - 0 △ ▲": "-",
  "25 - ▲ - 0 - △": "-",
  "26 - _ ▲ 0 - △": "-",
  "27 - _ - ▲ - △": "-",
  "28 - _ - 0 ▲ △": "-",
  "29 - _ - 0 - X": "-",
}
`;

exports[`getAxisTCodeFrom should handle two actions 1`] = `
{
  "00 △ ▲ - 0 - 1 - _": "0",
  "01 △ _ ▲ 0 - 1 - _": "0",
  "02 △ _ - ▲ - 1 - _": "100I1000",
  "03 △ _ - 0 ▲ 1 - _": "100I500",
  "04 △ _ - 0 - ▲ - _": "100",
  "05 △ _ - 0 - 1 ▲ _": "100",
  "06 △ _ - 0 - 1 - ▲": "100",
  "07 - X - 0 - 1 - _": "-",
  "08 - △ ▲ 0 - 1 - _": "-",
  "09 - △ - ▲ - 1 - _": "100I1000",
  "10 - △ - 0 ▲ 1 - _": "100I500",
  "11 - △ - 0 - ▲ - _": "100",
  "12 - △ - 0 - 1 ▲ _": "100",
  "13 - △ - 0 - 1 - ▲": "100",
  "14 - ▲ △ 0 - 1 - _": "-",
  "15 - _ X 0 - 1 - _": "-",
  "16 - _ △ ▲ - 1 - _": "100I1000",
  "17 - _ △ 0 ▲ 1 - _": "100I500",
  "18 - _ △ 0 - ▲ - _": "100",
  "19 - _ △ 0 - 1 ▲ _": "100",
  "20 - _ △ 0 - 1 - ▲": "100",
  "21 - ▲ - △ - 1 - _": "-",
  "22 - _ ▲ △ - 1 - _": "-",
  "23 - _ - X - 1 - _": "-",
  "24 - _ - △ ▲ 1 - _": "-",
  "25 - _ - △ - ▲ - _": "100",
  "26 - _ - △ - 1 ▲ _": "100",
  "27 - _ - △ - 1 - ▲": "100",
  "28 - ▲ - 0 △ 1 - _": "-",
  "29 - _ ▲ 0 △ 1 - _": "-",
  "30 - _ - ▲ △ 1 - _": "-",
  "31 - _ - 0 X 1 - _": "-",
  "32 - _ - 0 △ ▲ - _": "100",
  "33 - _ - 0 △ 1 ▲ _": "100",
  "34 - _ - 0 △ 1 - ▲": "100",
  "35 - ▲ - 0 - △ - _": "-",
  "36 - _ ▲ 0 - △ - _": "-",
  "37 - _ - ▲ - △ - _": "-",
  "38 - _ - 0 ▲ △ - _": "-",
  "39 - _ - 0 - X - _": "-",
  "40 - _ - 0 - △ ▲ _": "-",
  "41 - _ - 0 - △ - ▲": "-",
  "42 - ▲ - 0 - 1 △ _": "-",
  "43 - _ ▲ 0 - 1 △ _": "-",
  "44 - _ - ▲ - 1 △ _": "-",
  "45 - _ - 0 ▲ 1 △ _": "-",
  "46 - _ - 0 - ▲ △ _": "-",
  "47 - _ - 0 - 1 X _": "-",
  "48 - _ - 0 - 1 △ ▲": "-",
  "49 - ▲ - 0 - 1 - △": "-",
  "50 - _ ▲ 0 - 1 - △": "-",
  "51 - _ - ▲ - 1 - △": "-",
  "52 - _ - 0 ▲ 1 - △": "-",
  "53 - _ - 0 - ▲ - △": "-",
  "54 - _ - 0 - 1 ▲ △": "-",
  "55 - _ - 0 - 1 - X": "-",
}
`;

exports[`getAxisTCodeFrom should handle three actions 1`] = `
{
  "00 △ ▲ - 0 - 1 - 2 - _": "0",
  "01 △ _ ▲ 0 - 1 - 2 - _": "0",
  "02 △ _ - ▲ - 1 - 2 - _": "100I1000",
  "03 △ _ - 0 ▲ 1 - 2 - _": "100I500",
  "04 △ _ - 0 - ▲ - 2 - _": "50I1000",
  "05 △ _ - 0 - 1 ▲ 2 - _": "50I500",
  "06 △ _ - 0 - 1 - ▲ - _": "50",
  "07 △ _ - 0 - 1 - 2 ▲ _": "50",
  "08 △ _ - 0 - 1 - 2 - ▲": "50",
  "09 - X - 0 - 1 - 2 - _": "-",
  "10 - △ ▲ 0 - 1 - 2 - _": "-",
  "11 - △ - ▲ - 1 - 2 - _": "100I1000",
  "12 - △ - 0 ▲ 1 - 2 - _": "100I500",
  "13 - △ - 0 - ▲ - 2 - _": "50I1000",
  "14 - △ - 0 - 1 ▲ 2 - _": "50I500",
  "15 - △ - 0 - 1 - ▲ - _": "50",
  "16 - △ - 0 - 1 - 2 ▲ _": "50",
  "17 - △ - 0 - 1 - 2 - ▲": "50",
  "18 - ▲ △ 0 - 1 - 2 - _": "-",
  "19 - _ X 0 - 1 - 2 - _": "-",
  "20 - _ △ ▲ - 1 - 2 - _": "100I1000",
  "21 - _ △ 0 ▲ 1 - 2 - _": "100I500",
  "22 - _ △ 0 - ▲ - 2 - _": "50I1000",
  "23 - _ △ 0 - 1 ▲ 2 - _": "50I500",
  "24 - _ △ 0 - 1 - ▲ - _": "50",
  "25 - _ △ 0 - 1 - 2 ▲ _": "50",
  "26 - _ △ 0 - 1 - 2 - ▲": "50",
  "27 - ▲ - △ - 1 - 2 - _": "-",
  "28 - _ ▲ △ - 1 - 2 - _": "-",
  "29 - _ - X - 1 - 2 - _": "-",
  "30 - _ - △ ▲ 1 - 2 - _": "-",
  "31 - _ - △ - ▲ - 2 - _": "50I1000",
  "32 - _ - △ - 1 ▲ 2 - _": "50I500",
  "33 - _ - △ - 1 - ▲ - _": "50",
  "34 - _ - △ - 1 - 2 ▲ _": "50",
  "35 - _ - △ - 1 - 2 - ▲": "50",
  "36 - ▲ - 0 △ 1 - 2 - _": "-",
  "37 - _ ▲ 0 △ 1 - 2 - _": "-",
  "38 - _ - ▲ △ 1 - 2 - _": "-",
  "39 - _ - 0 X 1 - 2 - _": "-",
  "40 - _ - 0 △ ▲ - 2 - _": "50I1000",
  "41 - _ - 0 △ 1 ▲ 2 - _": "50I500",
  "42 - _ - 0 △ 1 - ▲ - _": "50",
  "43 - _ - 0 △ 1 - 2 ▲ _": "50",
  "44 - _ - 0 △ 1 - 2 - ▲": "50",
  "45 - ▲ - 0 - △ - 2 - _": "-",
  "46 - _ ▲ 0 - △ - 2 - _": "-",
  "47 - _ - ▲ - △ - 2 - _": "-",
  "48 - _ - 0 ▲ △ - 2 - _": "-",
  "49 - _ - 0 - X - 2 - _": "-",
  "50 - _ - 0 - △ ▲ 2 - _": "-",
  "51 - _ - 0 - △ - ▲ - _": "50",
  "52 - _ - 0 - △ - 2 ▲ _": "50",
  "53 - _ - 0 - △ - 2 - ▲": "50",
  "54 - ▲ - 0 - 1 △ 2 - _": "-",
  "55 - _ ▲ 0 - 1 △ 2 - _": "-",
  "56 - _ - ▲ - 1 △ 2 - _": "-",
  "57 - _ - 0 ▲ 1 △ 2 - _": "-",
  "58 - _ - 0 - ▲ △ 2 - _": "-",
  "59 - _ - 0 - 1 X 2 - _": "-",
  "60 - _ - 0 - 1 △ ▲ - _": "50",
  "61 - _ - 0 - 1 △ 2 ▲ _": "50",
  "62 - _ - 0 - 1 △ 2 - ▲": "50",
  "63 - ▲ - 0 - 1 - △ - _": "-",
  "64 - _ ▲ 0 - 1 - △ - _": "-",
  "65 - _ - ▲ - 1 - △ - _": "-",
  "66 - _ - 0 ▲ 1 - △ - _": "-",
  "67 - _ - 0 - ▲ - △ - _": "-",
  "68 - _ - 0 - 1 ▲ △ - _": "-",
  "69 - _ - 0 - 1 - X - _": "-",
  "70 - _ - 0 - 1 - △ ▲ _": "-",
  "71 - _ - 0 - 1 - △ - ▲": "-",
  "72 - ▲ - 0 - 1 - 2 △ _": "-",
  "73 - _ ▲ 0 - 1 - 2 △ _": "-",
  "74 - _ - ▲ - 1 - 2 △ _": "-",
  "75 - _ - 0 ▲ 1 - 2 △ _": "-",
  "76 - _ - 0 - ▲ - 2 △ _": "-",
  "77 - _ - 0 - 1 ▲ 2 △ _": "-",
  "78 - _ - 0 - 1 - ▲ △ _": "-",
  "79 - _ - 0 - 1 - 2 X _": "-",
  "80 - _ - 0 - 1 - 2 △ ▲": "-",
  "81 - ▲ - 0 - 1 - 2 - △": "-",
  "82 - _ ▲ 0 - 1 - 2 - △": "-",
  "83 - _ - ▲ - 1 - 2 - △": "-",
  "84 - _ - 0 ▲ 1 - 2 - △": "-",
  "85 - _ - 0 - ▲ - 2 - △": "-",
  "86 - _ - 0 - 1 ▲ 2 - △": "-",
  "87 - _ - 0 - 1 - ▲ - △": "-",
  "88 - _ - 0 - 1 - 2 ▲ △": "-",
  "89 - _ - 0 - 1 - 2 - X": "-",
}
`;

exports[`getAxisTCodeFrom should return proper total tcode for dt 1 for empty actions 1`] = `"L05000 "`;

exports[`getAxisTCodeFrom should return proper total tcode for dt 5 for empty actions 1`] = `"L05000 "`;

exports[`getAxisTCodeFrom should return proper total tcode for dt 7 for empty actions 1`] = `"L05000 "`;

exports[`getAxisTCodeFrom should return proper total tcode for dt 13 for empty actions 1`] = `"L05000 "`;

exports[`getAxisTCodeFrom should return proper total tcode for dt 700 for empty actions 1`] = `"L05000 "`;

exports[`getAxisTCodeFrom should return proper total tcode for dt 1 for single action 1`] = `"L00000 L00000 "`;

exports[`getAxisTCodeFrom should return proper total tcode for dt 5 for single action 1`] = `"L00000 L00000 "`;

exports[`getAxisTCodeFrom should return proper total tcode for dt 7 for single action 1`] = `"L00000 L00000 "`;

exports[`getAxisTCodeFrom should return proper total tcode for dt 13 for single action 1`] = `"L00000 L00000 "`;

exports[`getAxisTCodeFrom should return proper total tcode for dt 700 for single action 1`] = `"L00000 L00000 "`;

exports[`getAxisTCodeFrom should return proper total tcode for dt 1 for two actions 1`] = `"L00000 L09999I1000 L09999 "`;

exports[`getAxisTCodeFrom should return proper total tcode for dt 5 for two actions 1`] = `"L00000 L09999I1000 L09999 "`;

exports[`getAxisTCodeFrom should return proper total tcode for dt 7 for two actions 1`] = `"L00000 L09999I999 L09999 "`;

exports[`getAxisTCodeFrom should return proper total tcode for dt 13 for two actions 1`] = `"L00000 L09999I999 L09999 "`;

exports[`getAxisTCodeFrom should return proper total tcode for dt 700 for two actions 1`] = `"L00000 L09999I600 L09999 "`;

exports[`getAxisTCodeFrom should return proper total tcode for dt 1 for three actions 1`] = `"L00000 L09999I1000 L05000I1000 L05000 "`;

exports[`getAxisTCodeFrom should return proper total tcode for dt 5 for three actions 1`] = `"L00000 L09999I1000 L05000I1000 L05000 "`;

exports[`getAxisTCodeFrom should return proper total tcode for dt 7 for three actions 1`] = `"L00000 L09999I999 L05000I998 L05000 "`;

exports[`getAxisTCodeFrom should return proper total tcode for dt 13 for three actions 1`] = `"L00000 L09999I999 L05000I998 L05000 "`;

exports[`getAxisTCodeFrom should return proper total tcode for dt 700 for three actions 1`] = `"L00000 L09999I600 L05000I900 L05000 "`;
